Extra Interactive Bash Terminal


$ 
$ sudo apt-get update
Get:1 http://ppa.launchpad.net/deadsnakes/ppa/ubuntu focal InRelease [18.1 kB]
Hit:2 http://gb.archive.ubuntu.com/ubuntu focal InRelease                                          
Get:3 http://gb.archive.ubuntu.com/ubuntu focal-updates InRelease [114 kB]                         
Hit:4 https://download.docker.com/linux/ubuntu bionic InRelease                                    
Hit:5 https://dl.yarnpkg.com/debian stable InRelease                                               
Hit:6 https://deb.nodesource.com/node_14.x focal InRelease                                         
Get:7 http://gb.archive.ubuntu.com/ubuntu focal-backports InRelease [108 kB]                       
Get:8 http://security.ubuntu.com/ubuntu focal-security InRelease [114 kB]
Get:9 http://ppa.launchpad.net/deadsnakes/ppa/ubuntu focal/main i386 Packages [11.6 kB]
Get:10 http://ppa.launchpad.net/deadsnakes/ppa/ubuntu focal/main amd64 Packages [22.4 kB]
Get:11 http://gb.archive.ubuntu.com/ubuntu focal-updates/main i386 Packages [610 kB]
Get:12 http://gb.archive.ubuntu.com/ubuntu focal-updates/main amd64 Packages [1,608 kB]
Get:13 http://gb.archive.ubuntu.com/ubuntu focal-updates/main Translation-en [308 kB]
Get:14 http://gb.archive.ubuntu.com/ubuntu focal-updates/main amd64 c-n-f Metadata [14.8 kB]
Get:15 http://gb.archive.ubuntu.com/ubuntu focal-updates/restricted amd64 Packages [827 kB]
Get:16 http://gb.archive.ubuntu.com/ubuntu focal-updates/restricted Translation-en [118 kB]
Get:17 http://gb.archive.ubuntu.com/ubuntu focal-updates/universe amd64 Packages [905 kB]
Get:18 http://gb.archive.ubuntu.com/ubuntu focal-updates/universe i386 Packages [669 kB]
Get:19 http://gb.archive.ubuntu.com/ubuntu focal-updates/universe Translation-en [201 kB]
Get:20 http://gb.archive.ubuntu.com/ubuntu focal-updates/universe amd64 c-n-f Metadata [20.2 kB]
Get:21 http://gb.archive.ubuntu.com/ubuntu focal-backports/universe i386 Packages [12.4 kB]
Get:22 http://gb.archive.ubuntu.com/ubuntu focal-backports/universe amd64 Packages [22.2 kB]
Get:23 http://gb.archive.ubuntu.com/ubuntu focal-backports/universe Translation-en [15.2 kB]
Get:24 http://gb.archive.ubuntu.com/ubuntu focal-backports/universe amd64 c-n-f Metadata [732 B]
Get:25 http://security.ubuntu.com/ubuntu focal-security/main amd64 Packages [1,275 kB]
Get:26 http://security.ubuntu.com/ubuntu focal-security/main i386 Packages [387 kB]
Get:27 http://security.ubuntu.com/ubuntu focal-security/main Translation-en [224 kB]
Get:28 http://security.ubuntu.com/ubuntu focal-security/main amd64 c-n-f Metadata [9,732 B]
Get:29 http://security.ubuntu.com/ubuntu focal-security/restricted amd64 Packages [773 kB]
Get:30 http://security.ubuntu.com/ubuntu focal-security/restricted Translation-en [110 kB]
Get:31 http://security.ubuntu.com/ubuntu focal-security/universe amd64 Packages [680 kB]
Get:32 http://security.ubuntu.com/ubuntu focal-security/universe i386 Packages [536 kB]
Get:33 http://security.ubuntu.com/ubuntu focal-security/universe Translation-en [117 kB]
Get:34 http://security.ubuntu.com/ubuntu focal-security/universe amd64 c-n-f Metadata [13.2 kB]
Fetched 9,845 kB in 3s (2,851 kB/s)                                 
Reading package lists... Done
$ sudo apt-get install -y apt-transport-https ca-certificates curl
Reading package lists... Done
Building dependency tree       
Reading state information... Done
ca-certificates is already the newest version (20210119~20.04.2).
curl is already the newest version (7.68.0-1ubuntu2.7).
apt-transport-https is already the newest version (2.0.6).
The following packages were automatically installed and are no longer required:
  libc-ares2 libnetplan0 python3-netifaces
Use 'sudo apt autoremove' to remove them.
0 upgraded, 0 newly installed, 0 to remove and 38 not upgraded.
$ curl -s https://packages.cloud.google.com/apt/doc/apt-key.gpg | sudo apt-key add -
OK
$ sudo add-apt-repository "deb http://apt.kubernetes.io/ kubernetes-xenial main"
Hit:1 http://gb.archive.ubuntu.com/ubuntu focal InRelease
Hit:2 http://ppa.launchpad.net/deadsnakes/ppa/ubuntu focal InRelease                               
Hit:3 https://download.docker.com/linux/ubuntu bionic InRelease                                    
Hit:4 http://security.ubuntu.com/ubuntu focal-security InRelease                                   
Hit:5 http://gb.archive.ubuntu.com/ubuntu focal-updates InRelease                                  
Hit:6 https://dl.yarnpkg.com/debian stable InRelease                                               
Hit:7 https://deb.nodesource.com/node_14.x focal InRelease                                         
Hit:8 http://gb.archive.ubuntu.com/ubuntu focal-backports InRelease 
Get:9 https://packages.cloud.google.com/apt kubernetes-xenial InRelease [9,383 B]
Get:10 https://packages.cloud.google.com/apt kubernetes-xenial/main amd64 Packages [53.9 kB]
Fetched 63.3 kB in 1s (47.5 kB/s)    
Reading package lists... Done
$ sudo apt-get update
Hit:1 http://ppa.launchpad.net/deadsnakes/ppa/ubuntu focal InRelease
Hit:2 http://gb.archive.ubuntu.com/ubuntu focal InRelease                                          
Hit:3 http://security.ubuntu.com/ubuntu focal-security InRelease                                   
Hit:4 https://download.docker.com/linux/ubuntu bionic InRelease                                    
Hit:5 http://gb.archive.ubuntu.com/ubuntu focal-updates InRelease                                  
Hit:6 https://dl.yarnpkg.com/debian stable InRelease                                               
Hit:7 https://deb.nodesource.com/node_14.x focal InRelease                                     
Hit:8 http://gb.archive.ubuntu.com/ubuntu focal-backports InRelease 
Get:9 https://packages.cloud.google.com/apt kubernetes-xenial InRelease [9,383 B]
Fetched 9,383 B in 1s (6,331 B/s)   
Reading package lists... Done
$ sudo apt-get install -y kubectl
Reading package lists... Done
Building dependency tree       
Reading state information... Done
The following packages were automatically installed and are no longer required:
  libc-ares2 libnetplan0 python3-netifaces
Use 'sudo apt autoremove' to remove them.
The following NEW packages will be installed:
  kubectl
0 upgraded, 1 newly installed, 0 to remove and 38 not upgraded.
Need to get 8,927 kB of archives.
After this operation, 46.6 MB of additional disk space will be used.
Get:1 https://packages.cloud.google.com/apt kubernetes-xenial/main amd64 kubectl amd64 1.23.4-00 [8,927 kB]
Fetched 8,927 kB in 1s (13.7 MB/s)
Selecting previously unselected package kubectl.
(Reading database ... 174606 files and directories currently installed.)
Preparing to unpack .../kubectl_1.23.4-00_amd64.deb ...
Unpacking kubectl (1.23.4-00) ...
Setting up kubectl (1.23.4-00) ...
$ sudo apt-mark hold kubectl
kubectl set on hold.
$ sudo swapoff -a
$ sudo ufw disable
Firewall stopped and disabled on system startup
$ kubectñ
kubectñ: command not found
$ kubectl
kubectl controls the Kubernetes cluster manager.

 Find more information at: https://kubernetes.io/docs/reference/kubectl/overview/

Basic Commands (Beginner):
  create        Create a resource from a file or from stdin
  expose        Take a replication controller, service, deployment or pod and expose it as a new
Kubernetes service
  run           Run a particular image on the cluster
  set           Set specific features on objects

Basic Commands (Intermediate):
  explain       Get documentation for a resource
  get           Display one or many resources
  edit          Edit a resource on the server
  delete        Delete resources by file names, stdin, resources and names, or by resources and
label selector

Deploy Commands:
  rollout       Manage the rollout of a resource
  scale         Set a new size for a deployment, replica set, or replication controller
  autoscale     Auto-scale a deployment, replica set, stateful set, or replication controller

Cluster Management Commands:
  certificate   Modify certificate resources.
  cluster-info  Display cluster information
  top           Display resource (CPU/memory) usage
  cordon        Mark node as unschedulable
  uncordon      Mark node as schedulable
  drain         Drain node in preparation for maintenance
  taint         Update the taints on one or more nodes

Troubleshooting and Debugging Commands:
  describe      Show details of a specific resource or group of resources
  logs          Print the logs for a container in a pod
  attach        Attach to a running container
  exec          Execute a command in a container
  port-forward  Forward one or more local ports to a pod
  proxy         Run a proxy to the Kubernetes API server
  cp            Copy files and directories to and from containers
  auth          Inspect authorization
  debug         Create debugging sessions for troubleshooting workloads and nodes

Advanced Commands:
  diff          Diff the live version against a would-be applied version
  apply         Apply a configuration to a resource by file name or stdin
  patch         Update fields of a resource
  replace       Replace a resource by file name or stdin
  wait          Experimental: Wait for a specific condition on one or many resources
  kustomize     Build a kustomization target from a directory or URL.

Settings Commands:
  label         Update the labels on a resource
  annotate      Update the annotations on a resource
  completion    Output shell completion code for the specified shell (bash, zsh or fish)

Other Commands:
  alpha         Commands for features in alpha
  api-resources Print the supported API resources on the server
  api-versions  Print the supported API versions on the server, in the form of "group/version"
  config        Modify kubeconfig files
  plugin        Provides utilities for interacting with plugins
  version       Print the client and server version information

Usage:
  kubectl [flags] [options]

Use "kubectl <command> --help" for more information about a given command.
Use "kubectl options" for a list of global command-line options (applies to all commands).
$ 